done: node20 ic-mono-mega/1
done: node20 ic-mono-mega/2
done: node20 ic-mono-mega/4
done: node20 ic-mono-mega/8
done: node20 elements-kinds/SMI
done: node20 elements-kinds/DOUBLE
done: node20 elements-kinds/HOLEY
done: node20 elements-kinds/ELEMENTS
done: node20 delete-dict/fast
done: node20 delete-dict/delete
done: node20 delete-dict/undefined
done: node20 trycatch-myth/naive-pair
done: node20 trycatch-myth/honest-plain
done: node20 trycatch-myth/honest-try
done: node22 ic-mono-mega/1
done: node22 ic-mono-mega/2
done: node22 ic-mono-mega/4
done: node22 ic-mono-mega/8
done: node22 elements-kinds/SMI
done: node22 elements-kinds/DOUBLE
done: node22 elements-kinds/HOLEY
done: node22 elements-kinds/ELEMENTS
done: node22 delete-dict/fast
done: node22 delete-dict/delete
done: node22 delete-dict/undefined
done: node22 trycatch-myth/naive-pair
done: node22 trycatch-myth/honest-plain
done: node22 trycatch-myth/honest-try
done: node24 ic-mono-mega/1
done: node24 ic-mono-mega/2
done: node24 ic-mono-mega/4
done: node24 ic-mono-mega/8
done: node24 elements-kinds/SMI
done: node24 elements-kinds/DOUBLE
done: node24 elements-kinds/HOLEY
done: node24 elements-kinds/ELEMENTS
done: node24 delete-dict/fast
done: node24 delete-dict/delete
done: node24 delete-dict/undefined
done: node24 trycatch-myth/naive-pair
done: node24 trycatch-myth/honest-plain
done: node24 trycatch-myth/honest-try
done: d8 ic-mono-mega/1
done: d8 ic-mono-mega/2
done: d8 ic-mono-mega/4
done: d8 ic-mono-mega/8
done: d8 elements-kinds/SMI
done: d8 elements-kinds/DOUBLE
done: d8 elements-kinds/HOLEY
done: d8 elements-kinds/ELEMENTS
done: d8 delete-dict/fast
done: d8 delete-dict/delete
done: d8 delete-dict/undefined
done: d8 trycatch-myth/naive-pair
done: d8 trycatch-myth/honest-plain
done: d8 trycatch-myth/honest-try
cells: 60 | errors: 0
MYTHS_MATRIX_DONE
